====================================================================================================
kvc_1p1d_prefix 1P1D Prefix Cache 四象限汇总(PCM 六打点 · 第二请求 req_r=486 tok)
扫描根: logs | 象限: 4 个(缺则标 MISS) | workload: req_p 324(种) -> req_r 486(复用 256)
====================================================================================================
  q1_p1d1/  [有产物]
  q2_p1d0/  [有产物]
  q3_p0d1/  [有产物]
  q4_p0d0/  [有产物]

[表] 四象限对照总表
| 象限 | pc(P/D) | P.hit | D.hit | ext | recv | MiB | seg | eff(GB/s) | took(ms) | hit%(P/D) | resp_r(cmpl) |
|---|---|---|---|---|---|---|---|---|---|---|---|
| q1_p1d1 | P✓/D✓ | 256 | 256 | 230 | [[4, 5]] | 32.0 | 64 | 28.79 | 1.17 | 31.6/31.6 | 35 |
| q2_p1d0 | P✓/D✗ | 256 | 0 | 486 | [[4, 5, 6, 7]] | 64.0 | 128 | 45.81 | 1.46 | 31.6/0.0 | 35 |
| q3_p0d1 | P✗/D✓ | 0 | 256 | 230 | [[4, 5]] | 32.0 | 64 | 28.84 | 1.16 | 0.0/31.6 | 35 |
| q4_p0d0 | P✗/D✗ | 0 | 0 | 486 | [[4, 5, 6, 7]] | 64.0 | 64 | 56.93 | 1.18 | 0.0/0.0 | 35 |

> 注: hit% 为 Prometheus 末次采样值(10s 窗口可能错过末次命中——P✓ 象限的 P 侧末次 31.6% 可能被窗口错过显示 0.0%; 命中权威判据 = SCHED local_hit / (324+486))。

[表] 铁律核验(核心判据) ——
  q1_p1d1:
    A-P本地命中      实测=256  期望=256  PASS
    B-D本地命中      实测=256  期望=256  PASS
    B-传输MiB      实测=32.0  期望=32.0  PASS
    C-P上报总块数     实测=4  期望=4  PASS
    D-输出tok      实测=35  期望=35  PASS
  q2_p1d0:
    A-P本地命中      实测=256  期望=256  PASS
    B-D本地命中      实测=0  期望=0  PASS
    B-传输MiB      实测=64.0  期望=64.0  PASS
    C-P上报总块数     实测=4  期望=4  PASS
    D-输出tok      实测=35  期望=35  PASS
  q3_p0d1:
    A-P本地命中      实测=0  期望=0  PASS
    B-D本地命中      实测=256  期望=256  PASS
    B-传输MiB      实测=32.0  期望=32.0  PASS
    C-P上报总块数     实测=4  期望=4  PASS
    D-输出tok      实测=35  期望=35  PASS
  q4_p0d0:
    A-P本地命中      实测=0  期望=0  PASS
    B-D本地命中      实测=0  期望=0  PASS
    B-传输MiB      实测=64.0  期望=64.0  PASS
    C-P上报总块数     实测=4  期望=4  PASS
    D-输出tok      实测=35  期望=35  PASS

[DONE] 铁律核验 20/20 项 PASS —— 四条铁律全中: P 开关只管算多少 / D 开关只管传多少 / P 上报恒全量 / 正确性与象限无关
