== kv_pp0tp0_s2_81516ab1.pt 单文件深查 (schema=kvt4-raw) ==
  worker: pp=0 tp=0 seq=2 req尾8=81516ab1 tag=TERM dev=npu:0 ts=2026-10-02 16:26:01
  token:  p_tok=486 w_tok=520 final=520
  pool:   block_size=128 kv_heads=4 head_dim=128 dtype=torch.bfloat16 layers=16
  池布局: K/V 两个独立张量池(张量级拆分); 第0维=块号, 第1维=token槽位, 第2维=kv_heads, 第3维=head_dim
  块表:   block_table=[1, 2, 4, 5, 6]
  覆盖:   cov=[128, 128, 128, 128, 8] (有效区=每块前 cov 行; 其后为未写槽位, 保留原样)
  结构校验: PASS
== 逐层逐块 (有效区统计; K/V 各一行) ==
  L00  b1[满](128, 4, 128) | b2[满](128, 4, 128) | b4[满](128, 4, 128) | b5[满](128, 4, 128) | b6[未满](128, 4, 128)
    b1      K[128,4,128] 首3=[0.5078, 0.9336, 0.9219] n=65536 mean=-0.02775 std=1.398 min=-9.812 max=9.562
           V[128,4,128] 首3=[0.01538, 0.0008049, 0.03345] n=65536 mean=0.0008201 std=0.03567 min=-0.2539 max=0.2949
    b2      K[128,4,128] 首3=[-6.594, -1.328, -1.93] n=65536 mean=-0.02697 std=1.386 min=-10.38 max=10.62
           V[128,4,128] 首3=[0.006317, 0.03174, 0.01025] n=65536 mean=0.0006476 std=0.03414 min=-0.2295 max=0.3027
    b4      K[128,4,128] 首3=[-0.5898, 0.5508, 2.047] n=65536 mean=0.0007244 std=1.406 min=-9.438 max=10.81
           V[128,4,128] 首3=[-0.02698, -0.004303, 0.0354] n=65536 mean=0.0008783 std=0.03551 min=-0.2266 max=0.3223
    b5      K[128,4,128] 首3=[3.609, 3, -0.9141] n=65536 mean=-0.007768 std=1.419 min=-9.312 max=10.5
           V[128,4,128] 首3=[0.01648, 0.02515, 0.001633] n=65536 mean=0.0002985 std=0.03558 min=-0.3438 max=0.3145
    b6      K[8,4,128] 首3=[-7.594, -3.656, -0.1504] n=4096 mean=0.01996 std=1.4 min=-9 max=8.562
           V[8,4,128] 首3=[-0.06396, -0.006165, -0.02283] n=4096 mean=0.0002529 std=0.03515 min=-0.2266 max=0.2354
           未写槽位[120行] K:n=61440 mean=0 std=0 min=0 max=0
                           V:n=61440 mean=0 std=0 min=0 max=0
    b1      K[128,4,128] 首3=[-0.003998, -0.005402, 0.002808] n=65536 mean=0.05939 std=1.95 min=-10.88 max=11.06
           V[128,4,128] 首3=[-0.0005226, 0.0001307, -0.0005302] n=65536 mean=-0.0003658 std=0.06487 min=-0.4668 max=0.5508
    b2      K[128,4,128] 首3=[-0.7031, -2.438, -1.719] n=65536 mean=0.0588 std=1.98 min=-11.31 max=10.75
           V[128,4,128] 首3=[-0.104, 0.1318, 0.05469] n=65536 mean=-0.0007299 std=0.06378 min=-0.4043 max=0.3887
    b4      K[128,4,128] 首3=[-3.906, 3.719, 1.992] n=65536 mean=0.03546 std=2.005 min=-11.75 max=10.81
           V[128,4,128] 首3=[0.006409, -0.052, -0.03113] n=65536 mean=-0.0002952 std=0.06371 min=-0.4238 max=0.3418
    b5      K[128,4,128] 首3=[4.781, -3.984, -2.344] n=65536 mean=0.02516 std=1.985 min=-11.81 max=10.81
           V[128,4,128] 首3=[-0.006714, 0.0708, 0.05688] n=65536 mean=-0.0002181 std=0.06327 min=-0.4277 max=0.7305
    b6      K[8,4,128] 首3=[-4.844, 1.203, 3.062] n=4096 mean=0.03845 std=1.914 min=-10.75 max=8.375
           V[8,4,128] 首3=[-0.02112, 0.05933, -0.02051] n=4096 mean=-0.00129 std=0.06505 min=-0.3848 max=0.6992
           未写槽位[120行] K:n=61440 mean=0 std=0 min=0 max=0
                           V:n=61440 mean=0 std=0 min=0 max=0
    b1      K[128,4,128] 首3=[0.005676, -0.0005379, 0.002502] n=65536 mean=0.03671 std=1.834 min=-13.81 max=12.44
           V[128,4,128] 首3=[-0.001007, -0.0008316, 0.0005722] n=65536 mean=-0.0005232 std=0.1618 min=-1.344 max=1.039
    b2      K[128,4,128] 首3=[-0.3008, 1.523, 0.7422] n=65536 mean=0.02188 std=1.907 min=-14.25 max=12.81
           V[128,4,128] 首3=[-0.1445, -0.1235, 0.1973] n=65536 mean=-0.0006171 std=0.1618 min=-1.148 max=1
    b4      K[128,4,128] 首3=[1.305, -1.266, 0.6992] n=65536 mean=0.0511 std=1.928 min=-14.31 max=12.88
           V[128,4,128] 首3=[-0.0001202, -0.1108, 0.04541] n=65536 mean=-0.0003053 std=0.1602 min=-1.094 max=1.18
    b5      K[128,4,128] 首3=[-3.859, 2.234, 1.312] n=65536 mean=0.01767 std=1.904 min=-14.62 max=12.69
           V[128,4,128] 首3=[-0.1904, -0.02612, 0.1123] n=65536 mean=-0.0006009 std=0.16 min=-1.125 max=1.078
    b6      K[8,4,128] 首3=[3.438, -2.422, -3.453] n=4096 mean=-0.0023 std=1.783 min=-13.56 max=11.81
           V[8,4,128] 首3=[0.05347, 0.2002, 0.1729] n=4096 mean=0.0004073 std=0.1662 min=-0.9922 max=1.086
           未写槽位[120行] K:n=61440 mean=0 std=0 min=0 max=0
                           V:n=61440 mean=0 std=0 min=0 max=0
    b1      K[128,4,128] 首3=[-0.000885, -0.007751, 0.002045] n=65536 mean=-0.03224 std=1.827 min=-15.81 max=13.38
           V[128,4,128] 首3=[0.0007019, 0.001747, -0.0001516] n=65536 mean=-0.0002558 std=0.1878 min=-1.445 max=1.164
    b2      K[128,4,128] 首3=[2.188, 0.1045, 2.297] n=65536 mean=-0.0088 std=1.891 min=-16.38 max=12.69
           V[128,4,128] 首3=[-0.2432, 0.1689, -0.3477] n=65536 mean=0.0008966 std=0.1864 min=-1.461 max=1.234
    b4      K[128,4,128] 首3=[-0.6602, -0.5664, -0.2969] n=65536 mean=-0.01558 std=1.923 min=-16.38 max=13.25
           V[128,4,128] 首3=[0.1602, -0.07324, 0.01672] n=65536 mean=0.002106 std=0.1886 min=-1.312 max=1.312
    b5      K[128,4,128] 首3=[-1.508, -0.02429, 2.141] n=65536 mean=-0.006442 std=1.902 min=-16.5 max=12.69
           V[128,4,128] 首3=[-0.08008, -0.252, 0.2012] n=65536 mean=0.0009382 std=0.1887 min=-1.477 max=1.375
    b6      K[8,4,128] 首3=[5.031, -0.6562, -3.281] n=4096 mean=0.03945 std=1.813 min=-14.31 max=11.25
           V[8,4,128] 首3=[-0.03589, 0.02014, -0.3027] n=4096 mean=-0.001088 std=0.1775 min=-1.125 max=0.9102
           未写槽位[120行] K:n=61440 mean=0 std=0 min=0 max=0
                           V:n=61440 mean=0 std=0 min=0 max=0
    b1      K[128,4,128] 首3=[0.001953, 0.001114, 0.002518] n=65536 mean=-0.04955 std=1.886 min=-11.62 max=14.25
           V[128,4,128] 首3=[0.0008812, -8.678e-05, -0.00206] n=65536 mean=0.00187 std=0.2039 min=-1.312 max=1.781
    b2      K[128,4,128] 首3=[-0.02417, -0.3555, 0.8672] n=65536 mean=-0.09216 std=1.946 min=-11.94 max=14.44
           V[128,4,128] 首3=[-0.08594, -0.06885, 0.04443] n=65536 mean=-0.0009355 std=0.2049 min=-1.141 max=1.477
    b4      K[128,4,128] 首3=[-0.7148, 0.01221, 0.2256] n=65536 mean=-0.1007 std=1.948 min=-11.88 max=14.38
           V[128,4,128] 首3=[0.04028, -0.02246, 0.1836] n=65536 mean=-0.0008081 std=0.2044 min=-1.219 max=1.32
    b5      K[128,4,128] 首3=[0.6289, -1.609, 0.3926] n=65536 mean=-0.06471 std=1.922 min=-12.06 max=13.75
           V[128,4,128] 首3=[0.1187, -0.1787, 0.2676] n=65536 mean=-9.603e-05 std=0.2049 min=-1.125 max=1.383
    b6      K[8,4,128] 首3=[-1.898, 1.18, -1.836] n=4096 mean=-0.09193 std=1.882 min=-11.31 max=13.94
           V[8,4,128] 首3=[-0.1235, 0.3594, -0.1138] n=4096 mean=-0.001918 std=0.2105 min=-0.9297 max=1.102
           未写槽位[120行] K:n=61440 mean=0 std=0 min=0 max=0
                           V:n=61440 mean=0 std=0 min=0 max=0
    b1      K[128,4,128] 首3=[0.0009613, -0.006561, -0.001343] n=65536 mean=-0.01414 std=1.945 min=-11.62 max=11.94
           V[128,4,128] 首3=[6.914e-05, -0.001595, -0.0002499] n=65536 mean=0.003645 std=0.1873 min=-1.492 max=1.344
    b2      K[128,4,128] 首3=[0.582, -0.6758, 0.6172] n=65536 mean=0.05644 std=2.023 min=-12.06 max=11.81
           V[128,4,128] 首3=[0.08594, 0.1758, 0.3184] n=65536 mean=0.005227 std=0.1895 min=-1.625 max=1.297
    b4      K[128,4,128] 首3=[-0.7891, 0.3145, -0.3359] n=65536 mean=0.08259 std=2.041 min=-11.75 max=12.06
           V[128,4,128] 首3=[0.1016, 0.1367, -0.1387] n=65536 mean=0.00252 std=0.1883 min=-1.211 max=1.336
    b5      K[128,4,128] 首3=[1.898, -1.836, 0.0752] n=65536 mean=0.0164 std=2.021 min=-11.88 max=11.69
           V[128,4,128] 首3=[-0.09033, 0.09717, 0.1235] n=65536 mean=0.0006472 std=0.1929 min=-1.102 max=1.344
    b6      K[8,4,128] 首3=[-1.812, -0.2178, 0.7773] n=4096 mean=0.07749 std=1.917 min=-10.81 max=10.62
           V[8,4,128] 首3=[0.01422, -0.03113, 0.01721] n=4096 mean=-0.0009143 std=0.1912 min=-1.07 max=1.344
           未写槽位[120行] K:n=61440 mean=0 std=0 min=0 max=0
                           V:n=61440 mean=0 std=0 min=0 max=0
    b1      K[128,4,128] 首3=[0.004272, 0.001579, -0.003967] n=65536 mean=0.02439 std=2.044 min=-15.5 max=15.38
           V[128,4,128] 首3=[0.003769, -0.00296, -0.0006599] n=65536 mean=-0.002694 std=0.218 min=-1.547 max=1.578
    b2      K[128,4,128] 首3=[-1.312, -1.766, -0.6484] n=65536 mean=0.06908 std=2.137 min=-15.38 max=15
           V[128,4,128] 首3=[0.1377, -0.2891, -0.0603] n=65536 mean=-0.001308 std=0.2213 min=-1.648 max=2.062
    b4      K[128,4,128] 首3=[0.6719, 1.195, -0.3184] n=65536 mean=0.009177 std=2.126 min=-15 max=15.19
           V[128,4,128] 首3=[0.1523, -0.2461, -0.05273] n=65536 mean=-0.0002843 std=0.2225 min=-1.484 max=1.75
    b5      K[128,4,128] 首3=[-0.9805, -1.781, -0.2715] n=65536 mean=0.05147 std=2.09 min=-15.31 max=15.56
           V[128,4,128] 首3=[0.006836, 0.2119, 0.1699] n=65536 mean=0.0009014 std=0.217 min=-1.766 max=1.82
    b6      K[8,4,128] 首3=[0.4453, 1.82, 3.188] n=4096 mean=0.04767 std=1.93 min=-14.69 max=13.19
           V[8,4,128] 首3=[-0.3633, -0.02942, 0.02649] n=4096 mean=-0.001164 std=0.2163 min=-1.352 max=1.406
           未写槽位[120行] K:n=61440 mean=0 std=0 min=0 max=0
                           V:n=61440 mean=0 std=0 min=0 max=0
    b1      K[128,4,128] 首3=[0.003708, 0.002151, -0.005646] n=65536 mean=-0.06853 std=2.05 min=-16 max=12.25
           V[128,4,128] 首3=[-0.0004673, 0.0007553, -0.003738] n=65536 mean=-0.004985 std=0.2289 min=-2.172 max=1.711
    b2      K[128,4,128] 首3=[-1.047, -3.141, -1.062] n=65536 mean=-0.09281 std=2.137 min=-15.75 max=13.06
           V[128,4,128] 首3=[0.4219, -0.2012, 0.2061] n=65536 mean=-0.006165 std=0.2364 min=-2.344 max=1.75
    b4      K[128,4,128] 首3=[-1.531, 1.273, 3] n=65536 mean=-0.07283 std=2.134 min=-16.75 max=12.19
           V[128,4,128] 首3=[-0.06104, -0.2129, -0.2236] n=65536 mean=-0.003763 std=0.239 min=-2.031 max=1.875
    b5      K[128,4,128] 首3=[4.375, 1.578, -1.336] n=65536 mean=-0.08626 std=2.123 min=-16.5 max=14.12
           V[128,4,128] 首3=[0.1216, -0.1084, 0.1807] n=65536 mean=-0.001274 std=0.2345 min=-2.328 max=1.867
    b6      K[8,4,128] 首3=[-3.578, -0.918, 2.391] n=4096 mean=-0.05347 std=1.973 min=-14 max=12.5
           V[8,4,128] 首3=[0.02991, -0.167, -0.1011] n=4096 mean=-0.007458 std=0.2418 min=-1.531 max=1.625
           未写槽位[120行] K:n=61440 mean=0 std=0 min=0 max=0
                           V:n=61440 mean=0 std=0 min=0 max=0
    b1      K[128,4,128] 首3=[-0.005188, 0.002838, 0.003326] n=65536 mean=0.04288 std=2 min=-16.25 max=11.88
           V[128,4,128] 首3=[0.001106, 0.001022, 0.0009384] n=65536 mean=0.0008126 std=0.2355 min=-1.672 max=1.5
    b2      K[128,4,128] 首3=[0.8438, -1.477, -0.6523] n=65536 mean=0.03403 std=2.083 min=-16.5 max=13.19
           V[128,4,128] 首3=[0.2168, 0.2832, -0.04858] n=65536 mean=0.001815 std=0.24 min=-1.781 max=1.453
    b4      K[128,4,128] 首3=[-0.1533, -0.4102, 0.668] n=65536 mean=0.0006443 std=2.103 min=-17.12 max=12.75
           V[128,4,128] 首3=[-0.1299, 0.1406, 0.1475] n=65536 mean=0.0001282 std=0.2424 min=-1.438 max=1.57
    b5      K[128,4,128] 首3=[-0.8633, -1.195, -0.8125] n=65536 mean=0.01648 std=2.134 min=-17.62 max=13
           V[128,4,128] 首3=[0.02673, 0.004181, -0.08691] n=65536 mean=0.0003965 std=0.2427 min=-1.5 max=1.531
    b6      K[8,4,128] 首3=[-0.1187, -0.06982, 0.3086] n=4096 mean=0.03861 std=2.067 min=-16.25 max=11.25
           V[8,4,128] 首3=[0.1895, 0.2188, -0.0835] n=4096 mean=0.008391 std=0.2506 min=-1.391 max=1.164
           未写槽位[120行] K:n=61440 mean=0 std=0 min=0 max=0
                           V:n=61440 mean=0 std=0 min=0 max=0
    b1      K[128,4,128] 首3=[0.004028, -0.005798, -0.006317] n=65536 mean=-0.005684 std=1.838 min=-17.62 max=11.19
           V[128,4,128] 首3=[0.007263, -0.00354, -0.02234] n=65536 mean=-0.003013 std=0.2825 min=-2.141 max=1.961
    b2      K[128,4,128] 首3=[-0.1855, 2.641, -1.305] n=65536 mean=-0.01908 std=1.926 min=-17.88 max=10.88
           V[128,4,128] 首3=[0.2168, 0.03809, -0.04492] n=65536 mean=-0.000354 std=0.2782 min=-2.797 max=2.922
    b4      K[128,4,128] 首3=[-0.3926, -1.812, 1.375] n=65536 mean=0.04141 std=1.94 min=-18.62 max=11.5
           V[128,4,128] 首3=[0.2119, 0.3223, -0.06982] n=65536 mean=-0.001279 std=0.2763 min=-1.766 max=1.875
    b5      K[128,4,128] 首3=[-1.453, 2.578, -2.062] n=65536 mean=-0.03192 std=1.928 min=-18.25 max=13.44
           V[128,4,128] 首3=[-0.06445, 0.2402, -0.1875] n=65536 mean=0.00299 std=0.2752 min=-1.844 max=2.125
    b6      K[8,4,128] 首3=[0.5703, 0.7148, -0.1689] n=4096 mean=-0.01059 std=1.874 min=-16.12 max=11.88
           V[8,4,128] 首3=[0.1016, -0.06152, -0.2773] n=4096 mean=0.002418 std=0.2678 min=-1.344 max=1.297
           未写槽位[120行] K:n=61440 mean=0 std=0 min=0 max=0
                           V:n=61440 mean=0 std=0 min=0 max=0
    b1      K[128,4,128] 首3=[-0.005035, -0.001137, 0.005585] n=65536 mean=0.03444 std=1.84 min=-14.5 max=9.812
           V[128,4,128] 首3=[-0.005341, 0.5586, 0.004333] n=65536 mean=0.00274 std=0.2552 min=-1.719 max=1.828
    b2      K[128,4,128] 首3=[-2.25, 1.195, -0.6484] n=65536 mean=0.003723 std=1.889 min=-14.31 max=11.69
           V[128,4,128] 首3=[0.1885, -0.9961, -0.02795] n=65536 mean=0.0002134 std=0.2653 min=-1.867 max=1.477
    b4      K[128,4,128] 首3=[0.4082, -0.5273, 0.9922] n=65536 mean=-0.002148 std=1.893 min=-16.38 max=11.69
           V[128,4,128] 首3=[0.09033, -0.5977, 0.1138] n=65536 mean=0.001542 std=0.2652 min=-1.648 max=1.852
    b5      K[128,4,128] 首3=[1.438, 0.8359, -0.8438] n=65536 mean=0.01738 std=1.92 min=-15.75 max=12.5
           V[128,4,128] 首3=[-0.3203, -1.156, -0.1738] n=65536 mean=0.002563 std=0.2658 min=-1.883 max=1.477
    b6      K[8,4,128] 首3=[-0.1436, 0.1943, 0.2617] n=4096 mean=0.02932 std=1.866 min=-14.12 max=10.75
           V[8,4,128] 首3=[-0.00531, -0.5195, -0.3691] n=4096 mean=0.0008507 std=0.2931 min=-1.188 max=1.227
           未写槽位[120行] K:n=61440 mean=0 std=0 min=0 max=0
                           V:n=61440 mean=0 std=0 min=0 max=0
    b1      K[128,4,128] 首3=[0.004242, 0.002487, -0.00415] n=65536 mean=-0.02344 std=1.868 min=-12.38 max=13.62
           V[128,4,128] 首3=[0.00769, 0.01624, -0.007202] n=65536 mean=0.007349 std=0.2414 min=-2.047 max=1.852
    b2      K[128,4,128] 首3=[-1.039, -0.9492, 2.578] n=65536 mean=-0.04201 std=1.963 min=-12.31 max=13.75
           V[128,4,128] 首3=[-0.2148, -0.1211, 0.4062] n=65536 mean=0.01209 std=0.2479 min=-1.82 max=2
    b4      K[128,4,128] 首3=[-0.6641, 0.4082, -0.5703] n=65536 mean=-0.07272 std=1.97 min=-13.31 max=13.94
           V[128,4,128] 首3=[-0.4648, 0.2793, -0.08008] n=65536 mean=0.01083 std=0.2539 min=-2.203 max=1.695
    b5      K[128,4,128] 首3=[2.141, -1.516, 1.148] n=65536 mean=-0.06368 std=1.97 min=-13.5 max=13.62
           V[128,4,128] 首3=[0.0564, 0.1562, 0.0009499] n=65536 mean=0.008035 std=0.2506 min=-1.922 max=1.703
    b6      K[8,4,128] 首3=[-0.1021, 0.1582, 0.1147] n=4096 mean=-0.04549 std=1.942 min=-13.12 max=12.44
           V[8,4,128] 首3=[-0.2773, 0.3789, -0.2314] n=4096 mean=0.006021 std=0.2594 min=-2.109 max=1.461
           未写槽位[120行] K:n=61440 mean=0 std=0 min=0 max=0
                           V:n=61440 mean=0 std=0 min=0 max=0
    b1      K[128,4,128] 首3=[0.007446, 0.006989, 0.003311] n=65536 mean=-0.01343 std=1.836 min=-15 max=14.56
           V[128,4,128] 首3=[0.05811, 0.00824, 0.09619] n=65536 mean=-0.003235 std=0.2484 min=-1.617 max=1.969
    b2      K[128,4,128] 首3=[1.453, 0.7812, 0.1089] n=65536 mean=-0.01219 std=1.923 min=-15.25 max=14.88
           V[128,4,128] 首3=[0.03857, 0.003632, -0.06396] n=65536 mean=-0.0001148 std=0.2583 min=-1.578 max=2.109
    b4      K[128,4,128] 首3=[-0.4062, -0.124, -0.06299] n=65536 mean=-0.01932 std=1.907 min=-15 max=15.56
           V[128,4,128] 首3=[-0.06396, -0.1543, 0.3066] n=65536 mean=-0.0001245 std=0.2691 min=-1.773 max=1.812
    b5      K[128,4,128] 首3=[1.367, 0.0791, 0.543] n=65536 mean=-0.01218 std=1.92 min=-15 max=16.62
           V[128,4,128] 首3=[0.4785, 0.1182, 0.2598] n=65536 mean=-4.117e-05 std=0.2614 min=-2.031 max=1.75
    b6      K[8,4,128] 首3=[-0.3438, 1.031, -0.5469] n=4096 mean=-0.007466 std=1.832 min=-15.69 max=13.06
           V[8,4,128] 首3=[-0.4473, 0.05322, 0.7266] n=4096 mean=0.004221 std=0.2751 min=-1.242 max=1.477
           未写槽位[120行] K:n=61440 mean=0 std=0 min=0 max=0
                           V:n=61440 mean=0 std=0 min=0 max=0
    b1      K[128,4,128] 首3=[-0.004089, -0.001564, 0.0004845] n=65536 mean=0.009976 std=1.917 min=-12.25 max=14.38
           V[128,4,128] 首3=[-0.005829, 0.006653, -0.004547] n=65536 mean=-0.002449 std=0.2447 min=-2.219 max=1.484
    b2      K[128,4,128] 首3=[-0.1846, -0.1494, -0.3652] n=65536 mean=0.05708 std=2.01 min=-12.75 max=13.44
           V[128,4,128] 首3=[0.4531, 0.4316, 0.0354] n=65536 mean=0.004258 std=0.2573 min=-1.766 max=1.438
    b4      K[128,4,128] 首3=[-0.3066, 0.6758, 0.1191] n=65536 mean=0.02586 std=2.066 min=-13.06 max=13.19
           V[128,4,128] 首3=[-0.3613, -0.2344, -0.2412] n=65536 mean=0.00432 std=0.258 min=-1.766 max=1.719
    b5      K[128,4,128] 首3=[-0.707, 1.461, 0.6953] n=65536 mean=0.05244 std=2.115 min=-13.5 max=14.69
           V[128,4,128] 首3=[-0.07275, -0.09521, 0.2676] n=65536 mean=0.00362 std=0.261 min=-1.891 max=1.797
    b6      K[8,4,128] 首3=[-0.582, 0.1094, 0.3105] n=4096 mean=0.05406 std=2.111 min=-10.25 max=15.25
           V[8,4,128] 首3=[0.1826, 0.3945, -0.0304] n=4096 mean=-0.00587 std=0.2572 min=-1.422 max=1.164
           未写槽位[120行] K:n=61440 mean=0 std=0 min=0 max=0
                           V:n=61440 mean=0 std=0 min=0 max=0
    b1      K[128,4,128] 首3=[0.01587, 0.006989, 0.009399] n=65536 mean=0.05717 std=2.057 min=-13.44 max=16.12
           V[128,4,128] 首3=[-0.002914, -0.008118, 0.006958] n=65536 mean=0.004761 std=0.2604 min=-1.281 max=2.391
    b2      K[128,4,128] 首3=[-1.148, 1.891, -0.4395] n=65536 mean=0.09889 std=2.127 min=-11.06 max=17.75
           V[128,4,128] 首3=[-0.1621, -0.4512, -0.4062] n=65536 mean=0.005864 std=0.2629 min=-1.68 max=2.625
    b4      K[128,4,128] 首3=[-0.08545, -0.9648, 0.08105] n=65536 mean=0.1214 std=2.193 min=-11.81 max=17.12
           V[128,4,128] 首3=[0.6406, 0.1914, 0.1553] n=65536 mean=0.006103 std=0.2659 min=-1.672 max=2.328
    b5      K[128,4,128] 首3=[0.6133, -0.1553, -1.352] n=65536 mean=0.08698 std=2.195 min=-13.12 max=17
           V[128,4,128] 首3=[0.3828, -0.3184, 0.1807] n=65536 mean=0.008636 std=0.2602 min=-1.859 max=2.172
    b6      K[8,4,128] 首3=[-0.06885, 0.6797, -0.6523] n=4096 mean=0.1601 std=2.159 min=-11.31 max=16.62
           V[8,4,128] 首3=[0.1484, -0.375, 0.04053] n=4096 mean=0.007726 std=0.2548 min=-1.414 max=1.508
           未写槽位[120行] K:n=61440 mean=0 std=0 min=0 max=0
                           V:n=61440 mean=0 std=0 min=0 max=0
    b1      K[128,4,128] 首3=[0.003128, 0.006531, 0.005707] n=65536 mean=0.1229 std=2.022 min=-14.19 max=15.44
           V[128,4,128] 首3=[0.0008926, 0.005585, -0.001999] n=65536 mean=0.004178 std=0.244 min=-1.609 max=1.352
    b2      K[128,4,128] 首3=[0.3027, -0.4668, 0.9805] n=65536 mean=0.1022 std=2.097 min=-14.5 max=16.5
           V[128,4,128] 首3=[0.291, -0.5898, -0.02295] n=65536 mean=0.002575 std=0.2465 min=-1.703 max=1.492
    b4      K[128,4,128] 首3=[0.2158, 0.9336, -1.18] n=65536 mean=0.05569 std=2.107 min=-16 max=17.25
           V[128,4,128] 首3=[-0.1621, -0.4414, 0.1011] n=65536 mean=-0.0006964 std=0.2544 min=-1.719 max=1.469
    b5      K[128,4,128] 首3=[-0.6875, -0.007202, 0.5391] n=65536 mean=0.048 std=2.103 min=-15.94 max=15.75
           V[128,4,128] 首3=[0.3828, -0.1953, 0.0008011] n=65536 mean=0.002689 std=0.2489 min=-1.656 max=1.859
    b6      K[8,4,128] 首3=[3.828, 2.438, -2.438] n=4096 mean=0.1089 std=2.036 min=-15.12 max=16
           V[8,4,128] 首3=[-0.1943, -0.6094, 0.09766] n=4096 mean=-0.004504 std=0.2325 min=-1.281 max=1.289
           未写槽位[120行] K:n=61440 mean=0 std=0 min=0 max=0
                           V:n=61440 mean=0 std=0 min=0 max=0
[DONE] 深查完成 (张量切片: --layer/--block/--kv/--rows/--head)
