== kv_pp0tp0_s1_994a2ef5.pt 单文件深查 (schema=kvt4-raw) ==
  worker: pp=0 tp=0 seq=1 req尾8=994a2ef5 tag=TERM dev=npu:0 ts=2026-10-02 15:17:14
  token:  p_tok=324 w_tok=324 final=324
  pool:   block_size=128 kv_heads=4 head_dim=128 dtype=torch.bfloat16 layers=16
  池布局: K/V 两个独立张量池(张量级拆分); 第0维=块号, 第1维=token槽位, 第2维=kv_heads, 第3维=head_dim
  块表:   block_table=[1, 2, 3]
  覆盖:   cov=[128, 128, 68] (有效区=每块前 cov 行; 其后为未写槽位, 保留原样)
  结构校验: PASS
== 逐层逐块 (有效区统计; K/V 各一行) ==
  L00  b1[满](128, 4, 128) | b2[满](128, 4, 128) | b3[未满](128, 4, 128)
    b1      K[128,4,128] 首3=[0.5078, 0.9336, 0.9219] n=65536 mean=-0.02775 std=1.398 min=-9.812 max=9.562
           V[128,4,128] 首3=[0.01538, 0.0008049, 0.03345] n=65536 mean=0.0008201 std=0.03567 min=-0.2539 max=0.2949
    b2      K[128,4,128] 首3=[-6.594, -1.328, -1.93] n=65536 mean=-0.02697 std=1.386 min=-10.38 max=10.62
           V[128,4,128] 首3=[0.006317, 0.03174, 0.01025] n=65536 mean=0.0006476 std=0.03414 min=-0.2295 max=0.3027
    b3      K[68,4,128] 首3=[-0.5898, 0.5508, 2.047] n=34816 mean=-0.001362 std=1.399 min=-9.062 max=10.81
           V[68,4,128] 首3=[-0.02698, -0.004303, 0.0354] n=34816 mean=0.0008867 std=0.03535 min=-0.2266 max=0.3223
           未写槽位[60行] K:n=30720 mean=0 std=0 min=0 max=0
                           V:n=30720 mean=0 std=0 min=0 max=0
    b1      K[128,4,128] 首3=[-0.003998, -0.005402, 0.002808] n=65536 mean=0.05939 std=1.95 min=-10.88 max=11.06
           V[128,4,128] 首3=[-0.0005226, 0.0001307, -0.0005302] n=65536 mean=-0.0003658 std=0.06487 min=-0.4668 max=0.5508
    b2      K[128,4,128] 首3=[-0.7031, -2.438, -1.719] n=65536 mean=0.0588 std=1.98 min=-11.31 max=10.75
           V[128,4,128] 首3=[-0.104, 0.1318, 0.05469] n=65536 mean=-0.0007299 std=0.06378 min=-0.4043 max=0.3887
    b3      K[68,4,128] 首3=[-3.906, 3.719, 1.992] n=34816 mean=0.04221 std=2 min=-11.75 max=10.81
           V[68,4,128] 首3=[0.006409, -0.052, -0.03113] n=34816 mean=-0.0002874 std=0.06361 min=-0.4238 max=0.3418
           未写槽位[60行] K:n=30720 mean=0 std=0 min=0 max=0
                           V:n=30720 mean=0 std=0 min=0 max=0
    b1      K[128,4,128] 首3=[0.005676, -0.0005379, 0.002502] n=65536 mean=0.03671 std=1.834 min=-13.81 max=12.44
           V[128,4,128] 首3=[-0.001007, -0.0008316, 0.0005722] n=65536 mean=-0.0005232 std=0.1618 min=-1.344 max=1.039
    b2      K[128,4,128] 首3=[-0.3008, 1.523, 0.7422] n=65536 mean=0.02188 std=1.907 min=-14.25 max=12.81
           V[128,4,128] 首3=[-0.1445, -0.1235, 0.1973] n=65536 mean=-0.0006171 std=0.1618 min=-1.148 max=1
    b3      K[68,4,128] 首3=[1.305, -1.273, 0.6953] n=34816 mean=0.05065 std=1.936 min=-14.12 max=12.62
           V[68,4,128] 首3=[-0.0003681, -0.1104, 0.04663] n=34816 mean=-0.0002534 std=0.1606 min=-1.094 max=1.18
           未写槽位[60行] K:n=30720 mean=0 std=0 min=0 max=0
                           V:n=30720 mean=0 std=0 min=0 max=0
    b1      K[128,4,128] 首3=[-0.000885, -0.007751, 0.002045] n=65536 mean=-0.03224 std=1.827 min=-15.81 max=13.38
           V[128,4,128] 首3=[0.0007019, 0.001747, -0.0001516] n=65536 mean=-0.0002558 std=0.1878 min=-1.445 max=1.164
    b2      K[128,4,128] 首3=[2.188, 0.1045, 2.297] n=65536 mean=-0.0088 std=1.891 min=-16.38 max=12.69
           V[128,4,128] 首3=[-0.2432, 0.1689, -0.3477] n=65536 mean=0.0008966 std=0.1864 min=-1.461 max=1.234
    b3      K[68,4,128] 首3=[-0.6641, -0.5703, -0.293] n=34816 mean=-0.006401 std=1.951 min=-16.38 max=13.25
           V[68,4,128] 首3=[0.1611, -0.07324, 0.01459] n=34816 mean=0.002066 std=0.1885 min=-1.297 max=1.172
           未写槽位[60行] K:n=30720 mean=0 std=0 min=0 max=0
                           V:n=30720 mean=0 std=0 min=0 max=0
    b1      K[128,4,128] 首3=[0.001953, 0.001114, 0.002518] n=65536 mean=-0.04955 std=1.886 min=-11.62 max=14.25
           V[128,4,128] 首3=[0.0008812, -8.678e-05, -0.00206] n=65536 mean=0.00187 std=0.2039 min=-1.312 max=1.781
    b2      K[128,4,128] 首3=[-0.02417, -0.3555, 0.8672] n=65536 mean=-0.09216 std=1.946 min=-11.94 max=14.44
           V[128,4,128] 首3=[-0.08594, -0.06885, 0.04443] n=65536 mean=-0.0009355 std=0.2049 min=-1.141 max=1.477
    b3      K[68,4,128] 首3=[-0.7148, 0.0166, 0.2207] n=34816 mean=-0.09029 std=1.984 min=-11.81 max=14.38
           V[68,4,128] 首3=[0.03906, -0.02136, 0.1836] n=34816 mean=-0.001387 std=0.2057 min=-1.102 max=1.32
           未写槽位[60行] K:n=30720 mean=0 std=0 min=0 max=0
                           V:n=30720 mean=0 std=0 min=0 max=0
    b1      K[128,4,128] 首3=[0.0009613, -0.006561, -0.001343] n=65536 mean=-0.01414 std=1.945 min=-11.62 max=11.94
           V[128,4,128] 首3=[6.914e-05, -0.001595, -0.0002499] n=65536 mean=0.003645 std=0.1873 min=-1.492 max=1.344
    b2      K[128,4,128] 首3=[0.582, -0.6758, 0.6172] n=65536 mean=0.05644 std=2.023 min=-12.06 max=11.81
           V[128,4,128] 首3=[0.08594, 0.1758, 0.3184] n=65536 mean=0.005227 std=0.1895 min=-1.625 max=1.297
    b3      K[68,4,128] 首3=[-0.7812, 0.3164, -0.3418] n=34816 mean=0.114 std=2.073 min=-11.75 max=12.06
           V[68,4,128] 首3=[0.1016, 0.1387, -0.1367] n=34816 mean=0.004228 std=0.1864 min=-1.203 max=1.156
           未写槽位[60行] K:n=30720 mean=0 std=0 min=0 max=0
                           V:n=30720 mean=0 std=0 min=0 max=0
    b1      K[128,4,128] 首3=[0.004272, 0.001579, -0.003967] n=65536 mean=0.02439 std=2.044 min=-15.5 max=15.38
           V[128,4,128] 首3=[0.003769, -0.00296, -0.0006599] n=65536 mean=-0.002694 std=0.218 min=-1.547 max=1.578
    b2      K[128,4,128] 首3=[-1.312, -1.766, -0.6484] n=65536 mean=0.06908 std=2.137 min=-15.38 max=15
           V[128,4,128] 首3=[0.1377, -0.2891, -0.0603] n=65536 mean=-0.001308 std=0.2213 min=-1.648 max=2.062
    b3      K[68,4,128] 首3=[0.6797, 1.195, -0.3105] n=34816 mean=0.02989 std=2.171 min=-15 max=15.19
           V[68,4,128] 首3=[0.1504, -0.248, -0.05347] n=34816 mean=-0.00118 std=0.2236 min=-1.398 max=1.75
           未写槽位[60行] K:n=30720 mean=0 std=0 min=0 max=0
                           V:n=30720 mean=0 std=0 min=0 max=0
    b1      K[128,4,128] 首3=[0.003708, 0.002151, -0.005646] n=65536 mean=-0.06853 std=2.05 min=-16 max=12.25
           V[128,4,128] 首3=[-0.0004673, 0.0007553, -0.003738] n=65536 mean=-0.004985 std=0.2289 min=-2.172 max=1.711
    b2      K[128,4,128] 首3=[-1.047, -3.141, -1.062] n=65536 mean=-0.09281 std=2.137 min=-15.75 max=13.06
           V[128,4,128] 首3=[0.4219, -0.2012, 0.2061] n=65536 mean=-0.006165 std=0.2364 min=-2.344 max=1.75
    b3      K[68,4,128] 首3=[-1.523, 1.273, 2.984] n=34816 mean=-0.07848 std=2.168 min=-16.75 max=12.19
           V[68,4,128] 首3=[-0.06177, -0.2129, -0.2236] n=34816 mean=-0.005689 std=0.2377 min=-2.016 max=1.875
           未写槽位[60行] K:n=30720 mean=0 std=0 min=0 max=0
                           V:n=30720 mean=0 std=0 min=0 max=0
    b1      K[128,4,128] 首3=[-0.005188, 0.002838, 0.003326] n=65536 mean=0.04288 std=2 min=-16.25 max=11.88
           V[128,4,128] 首3=[0.001106, 0.001022, 0.0009384] n=65536 mean=0.0008126 std=0.2355 min=-1.672 max=1.5
    b2      K[128,4,128] 首3=[0.8438, -1.477, -0.6523] n=65536 mean=0.03403 std=2.083 min=-16.5 max=13.19
           V[128,4,128] 首3=[0.2168, 0.2832, -0.04858] n=65536 mean=0.001815 std=0.24 min=-1.781 max=1.453
    b3      K[68,4,128] 首3=[-0.1572, -0.4102, 0.6758] n=34816 mean=-0.01013 std=2.138 min=-17 max=12.06
           V[68,4,128] 首3=[-0.1338, 0.1426, 0.1494] n=34816 mean=0.001435 std=0.2433 min=-1.438 max=1.57
           未写槽位[60行] K:n=30720 mean=0 std=0 min=0 max=0
                           V:n=30720 mean=0 std=0 min=0 max=0
    b1      K[128,4,128] 首3=[0.004028, -0.005798, -0.006317] n=65536 mean=-0.005684 std=1.838 min=-17.62 max=11.19
           V[128,4,128] 首3=[0.007263, -0.00354, -0.02234] n=65536 mean=-0.003013 std=0.2825 min=-2.141 max=1.961
    b2      K[128,4,128] 首3=[-0.1855, 2.641, -1.305] n=65536 mean=-0.01908 std=1.926 min=-17.88 max=10.88
           V[128,4,128] 首3=[0.2168, 0.03809, -0.04492] n=65536 mean=-0.000354 std=0.2782 min=-2.797 max=2.922
    b3      K[68,4,128] 首3=[-0.3945, -1.812, 1.367] n=34816 mean=0.04846 std=1.983 min=-18.75 max=11.19
           V[68,4,128] 首3=[0.2109, 0.3203, -0.07031] n=34816 mean=-0.003724 std=0.2803 min=-1.75 max=1.867
           未写槽位[60行] K:n=30720 mean=0 std=0 min=0 max=0
                           V:n=30720 mean=0 std=0 min=0 max=0
    b1      K[128,4,128] 首3=[-0.005035, -0.001137, 0.005585] n=65536 mean=0.03444 std=1.84 min=-14.5 max=9.812
           V[128,4,128] 首3=[-0.005341, 0.5586, 0.004333] n=65536 mean=0.00274 std=0.2552 min=-1.719 max=1.828
    b2      K[128,4,128] 首3=[-2.25, 1.195, -0.6484] n=65536 mean=0.003723 std=1.889 min=-14.31 max=11.69
           V[128,4,128] 首3=[0.1885, -0.9961, -0.02795] n=65536 mean=0.0002134 std=0.2653 min=-1.867 max=1.477
    b3      K[68,4,128] 首3=[0.4023, -0.5273, 0.9883] n=34816 mean=-0.004721 std=1.899 min=-16.38 max=11.12
           V[68,4,128] 首3=[0.09375, -0.5977, 0.1143] n=34816 mean=0.001465 std=0.2657 min=-1.578 max=1.852
           未写槽位[60行] K:n=30720 mean=0 std=0 min=0 max=0
                           V:n=30720 mean=0 std=0 min=0 max=0
    b1      K[128,4,128] 首3=[0.004242, 0.002487, -0.00415] n=65536 mean=-0.02344 std=1.868 min=-12.38 max=13.62
           V[128,4,128] 首3=[0.00769, 0.01624, -0.007202] n=65536 mean=0.007349 std=0.2414 min=-2.047 max=1.852
    b2      K[128,4,128] 首3=[-1.039, -0.9492, 2.578] n=65536 mean=-0.04201 std=1.963 min=-12.31 max=13.75
           V[128,4,128] 首3=[-0.2148, -0.1211, 0.4062] n=65536 mean=0.01209 std=0.2479 min=-1.82 max=2
    b3      K[68,4,128] 首3=[-0.6641, 0.416, -0.5703] n=34816 mean=-0.07656 std=1.995 min=-13 max=13.94
           V[68,4,128] 首3=[-0.4648, 0.2832, -0.07617] n=34816 mean=0.01172 std=0.2541 min=-1.664 max=1.625
           未写槽位[60行] K:n=30720 mean=0 std=0 min=0 max=0
                           V:n=30720 mean=0 std=0 min=0 max=0
    b1      K[128,4,128] 首3=[0.007446, 0.006989, 0.003311] n=65536 mean=-0.01343 std=1.836 min=-15 max=14.56
           V[128,4,128] 首3=[0.05811, 0.00824, 0.09619] n=65536 mean=-0.003235 std=0.2484 min=-1.617 max=1.969
    b2      K[128,4,128] 首3=[1.453, 0.7812, 0.1089] n=65536 mean=-0.01219 std=1.923 min=-15.25 max=14.88
           V[128,4,128] 首3=[0.03857, 0.003632, -0.06396] n=65536 mean=-0.0001148 std=0.2583 min=-1.578 max=2.109
    b3      K[68,4,128] 首3=[-0.4023, -0.125, -0.06055] n=34816 mean=0.001444 std=1.934 min=-14.38 max=14.62
           V[68,4,128] 首3=[-0.06836, -0.1543, 0.3086] n=34816 mean=-0.002525 std=0.2727 min=-1.781 max=1.82
           未写槽位[60行] K:n=30720 mean=0 std=0 min=0 max=0
                           V:n=30720 mean=0 std=0 min=0 max=0
    b1      K[128,4,128] 首3=[-0.004089, -0.001564, 0.0004845] n=65536 mean=0.009976 std=1.917 min=-12.25 max=14.38
           V[128,4,128] 首3=[-0.005829, 0.006653, -0.004547] n=65536 mean=-0.002449 std=0.2447 min=-2.219 max=1.484
    b2      K[128,4,128] 首3=[-0.1846, -0.1494, -0.3652] n=65536 mean=0.05708 std=2.01 min=-12.75 max=13.44
           V[128,4,128] 首3=[0.4531, 0.4316, 0.0354] n=65536 mean=0.004258 std=0.2573 min=-1.766 max=1.438
    b3      K[68,4,128] 首3=[-0.3125, 0.6758, 0.1147] n=34816 mean=0.0001064 std=2.097 min=-13.06 max=13.19
           V[68,4,128] 首3=[-0.3633, -0.2354, -0.2393] n=34816 mean=0.00309 std=0.2608 min=-1.766 max=1.531
           未写槽位[60行] K:n=30720 mean=0 std=0 min=0 max=0
                           V:n=30720 mean=0 std=0 min=0 max=0
    b1      K[128,4,128] 首3=[0.01587, 0.006989, 0.009399] n=65536 mean=0.05717 std=2.057 min=-13.44 max=16.12
           V[128,4,128] 首3=[-0.002914, -0.008118, 0.006958] n=65536 mean=0.004761 std=0.2604 min=-1.281 max=2.391
    b2      K[128,4,128] 首3=[-1.148, 1.891, -0.4395] n=65536 mean=0.09889 std=2.127 min=-11.06 max=17.75
           V[128,4,128] 首3=[-0.1621, -0.4512, -0.4062] n=65536 mean=0.005864 std=0.2629 min=-1.68 max=2.625
    b3      K[68,4,128] 首3=[-0.08936, -0.9648, 0.07275] n=34816 mean=0.1195 std=2.222 min=-10.88 max=17.12
           V[68,4,128] 首3=[0.6484, 0.1807, 0.1621] n=34816 mean=0.003591 std=0.2727 min=-1.148 max=2.328
           未写槽位[60行] K:n=30720 mean=0 std=0 min=0 max=0
                           V:n=30720 mean=0 std=0 min=0 max=0
    b1      K[128,4,128] 首3=[0.003128, 0.006531, 0.005707] n=65536 mean=0.1229 std=2.022 min=-14.19 max=15.44
           V[128,4,128] 首3=[0.0008926, 0.005585, -0.001999] n=65536 mean=0.004178 std=0.244 min=-1.609 max=1.352
    b2      K[128,4,128] 首3=[0.3027, -0.4668, 0.9805] n=65536 mean=0.1022 std=2.097 min=-14.5 max=16.5
           V[128,4,128] 首3=[0.291, -0.5898, -0.02295] n=65536 mean=0.002575 std=0.2465 min=-1.703 max=1.492
    b3      K[68,4,128] 首3=[0.2227, 0.9375, -1.188] n=34816 mean=0.05713 std=2.124 min=-14.25 max=17.25
           V[68,4,128] 首3=[-0.1611, -0.4395, 0.09912] n=34816 mean=0.000542 std=0.2575 min=-1.711 max=1.359
           未写槽位[60行] K:n=30720 mean=0 std=0 min=0 max=0
                           V:n=30720 mean=0 std=0 min=0 max=0
[DONE] 深查完成 (张量切片: --layer/--block/--kv/--rows/--head)
