============================================================================
kvc_1p1d P 侧前缀复用关系检查(08 PD 归档 · pairwise)
归档目录: tensors | 请求: 2 个 | 生成: 2026-10-09 06:56:15
============================================================================
  req1/P/  seq=1  块表=[1, 2, 3]  cov=[128, 128, 68]
  req2/P/  seq=2  块表=[1, 2, 4, 5]  cov=[128, 128, 128, 102]

============================================================================
[1/1] 前缀复用: req1/P(seq=1) --种块--> req2/P(seq=2) 命中共享表头块
============================================================================
  共享表头块: [1, 2] (k=2, 命中 tokens ≈ 256)
  早请求: cmpl-789241fc-19ab-4bb3-8375-99b2fff650ef-0-be399eab  块表=[1, 2, 3]  cov=[128, 128, 68]
  晚请求: cmpl-44580313-9ad9-4629-9d73-e09b3e3761e1-0-825ca385  块表=[1, 2, 4, 5]  cov=[128, 128, 128, 102]
  A) 重算一致性(同 token 段前 68 槽): 早 req b3 vs 晚 req b4:
     L00 K: 位翻转 1/69632 (0.00%), Pearson=0.999977 (仅 ULP 级)
     L00 V: 位翻转 35/69632 (0.05%), Pearson=0.999989 (仅 ULP 级)
     L31 K: 位翻转 51270/69632 (73.63%), Pearson=0.999965 (深层残差流放大属正常)
     L31 V: 位翻转 60223/69632 (86.49%), Pearson=0.999918 (深层残差流放大属正常)

============================================================================
[DONE] 前缀复用关系对 1 个; A 重算一致性统计如上(信息性: L00 仅 ULP 级 / 深层残差流放大属正常)。
============================================================================
