==============================================================================
kvc_1p1d P→D KVCache 传输正确性检查(块结构 kvt4-raw · seq 配对)
归档根: tensors | P 侧 2 个 / D 侧 2 个 | 生成: 2026-10-04 13:52:37
==============================================================================
  P/req1_b1c1ae5b/
  P/req2_996fd16c/
  D/req1_a1e4c4d0/
  D/req2_af900b85/


==============================================================================
[1/2] seq=1: P/req1_b1c1ae5b  --传输-->  D/req1_a1e4c4d0
==============================================================================
  A) 结构: side P/D ✓  p_tok=324(哨兵等)  层×heads×dim=32×8×128  w_tok P=324(纯prefill) / D=324(迁移+补算)
     块表: P [1, 2, 3] cov=[128, 128, 68]
           D [1, 2, 3] cov=[128, 128, 68]
  区间划分: Tx=[0,323)  重算槽=[323,324)  D独有decode=[324,324)
  B) Tx 区逐位(前 323 tok): 64/64 层池 torch.equal PASS(传输无损)
  C) 重算槽(P 哑token前向 vs D bootstrap 补算, 1 槽): 位翻转 47351 元素槽, Pearson≥0.999895, |Δ|max/层幅值 max=1.15% —— 重算一致(正常)
     最差层池: L19V (rel=1.15%)
  D) D 独有 decode 段: 无(w_tok_D == w_tok_P)
  ==> 本对 verdict: PASS

==============================================================================
[2/2] seq=2: P/req2_996fd16c  --传输-->  D/req2_af900b85
==============================================================================
  A) 结构: side P/D ✓  p_tok=486(哨兵等)  层×heads×dim=32×8×128  w_tok P=486(纯prefill) / D=520(迁移485 + bootstrap+decode 34)
     块表: P [1, 2, 4, 5] cov=[128, 128, 128, 102]
           D [1, 2, 4, 5, 6] cov=[128, 128, 128, 128, 8]
  区间划分: Tx=[0,485)  重算槽=[485,486)  D独有decode=[486,520)
  B) Tx 区逐位(前 485 tok): 64/64 层池 torch.equal PASS(传输无损)
  C) 重算槽(P 哑token前向 vs D bootstrap 补算, 1 槽): 位翻转 46781 元素槽, Pearson≥0.999885, |Δ|max/层幅值 max=1.10% —— 重算一致(正常)
     最差层池: L30V (rel=1.10%)
  D) D 独有 decode 段(34 槽): 健康(无 NaN/Inf)
  ==> 本对 verdict: PASS

==============================================================================
[DONE] 传输正确性: 2/2 对 PASS —— Tx 区逐位相等即 P→D KVCache 传输无损; 尾槽/decode 段为 D 本地语义(信息性)。
==============================================================================
