============================================================================
kvc_1p1d D 侧前缀复用关系检查(08 PD 归档 · pairwise)
归档目录: tensors/D | 请求: 2 个 | 生成: 2026-10-04 13:52:35
============================================================================
  req1_a1e4c4d0/  seq=1  块表=[1, 2, 3]  cov=[128, 128, 68]
  req2_af900b85/  seq=2  块表=[1, 2, 4, 5, 6]  cov=[128, 128, 128, 128, 8]

============================================================================
[1/1] 前缀复用: req1_a1e4c4d0(seq=1) --种块--> req2_af900b85(seq=2) 命中共享表头块
============================================================================
  共享表头块: [1, 2] (k=2, 命中 tokens ≈ 256)
  早请求: cmpl-232c3b37-0ea9-4c6f-9a2e-b0bc9f55c1d9-0-a1e4c4d0  块表=[1, 2, 3]  cov=[128, 128, 68]
  晚请求: cmpl-2b8504c2-fa91-4815-a5c0-40e90f7bfb06-0-af900b85  块表=[1, 2, 4, 5, 6]  cov=[128, 128, 128, 128, 8]
  A) 重算一致性(同 token 段前 68 槽): 早 req b3 vs 晚 req b4:
     L00 K: 位翻转 1/69632 (0.00%), Pearson=0.999998 (仅 ULP 级)
     L00 V: 位翻转 35/69632 (0.05%), Pearson=0.999998 (仅 ULP 级)
     L31 K: 位翻转 51307/69632 (73.68%), Pearson=0.999983 (深层残差流放大属正常)
     L31 V: 位翻转 60233/69632 (86.50%), Pearson=0.999928 (深层残差流放大属正常)

============================================================================
[DONE] 前缀复用关系对 1 个; A 重算一致性统计如上(信息性: L00 仅 ULP 级 / 深层残差流放大属正常)。
============================================================================
